// Jest Snapshot v1, https://goo.gl/fbAQLP

exports[`testing Desciption component Component rendered 1`] = `
<View
  accessibilityState={
    {
      "busy": undefined,
      "checked": undefined,
      "disabled": undefined,
      "expanded": undefined,
      "selected": undefined,
    }
  }
  accessibilityValue={
    {
      "max": undefined,
      "min": undefined,
      "now": undefined,
      "text": undefined,
    }
  }
  accessible={true}
  collapsable={false}
  focusable={true}
  onBlur={[Function]}
  onClick={[Function]}
  onFocus={[Function]}
  onResponderGrant={[Function]}
  onResponderMove={[Function]}
  onResponderRelease={[Function]}
  onResponderTerminate={[Function]}
  onResponderTerminationRequest={[Function]}
  onStartShouldSetResponder={[Function]}
  style={
    [
      {
        "height": 90.9090909090909,
        "padding": 20,
        "width": 100,
      },
      undefined,
    ]
  }
>
  <Text
    style={
      [
        {
          "textAlign": "center",
        },
      ]
    }
  >
    Nothing
  </Text>
</View>
`;
