// Jest Snapshot v1, https://goo.gl/fbAQLP

exports[`Header Component Component 1`] = `
<View
  style={
    {
      "alignItems": "center",
      "backgroundColor": "blue",
      "flexDirection": "row",
      "height": 60,
      "justifyContent": "space-between",
      "paddingHorizontal": 20,
      "width": "100%",
    }
  }
  testID="appHeaderContainer"
>
  <View
    style={
      {
        "alignItems": "center",
        "flexDirection": "row",
      }
    }
  >
    <View
      accessibilityState={
        {
          "busy": undefined,
          "checked": undefined,
          "disabled": undefined,
          "expanded": undefined,
          "selected": undefined,
        }
      }
      accessibilityValue={
        {
          "max": undefined,
          "min": undefined,
          "now": undefined,
          "text": undefined,
        }
      }
      accessible={true}
      collapsable={false}
      focusable={true}
      onBlur={[Function]}
      onClick={[Function]}
      onFocus={[Function]}
      onResponderGrant={[Function]}
      onResponderMove={[Function]}
      onResponderRelease={[Function]}
      onResponderTerminate={[Function]}
      onResponderTerminationRequest={[Function]}
      onStartShouldSetResponder={[Function]}
    />
    <Text
      style={
        {
          "color": "white",
          "fontSize": 16,
          "fontWeight": "500",
          "marginLeft": 16,
        }
      }
    >
      Test Heading
    </Text>
  </View>
</View>
`;
