// Jest Snapshot v1, https://goo.gl/fbAQLP

exports[`  1`] = `
<View>
  <Text>
    Hi 
    Satyam
  </Text>
</View>
`;
